Archive member included to satisfy reference by file (symbol)

Generated_Source\PSoC6\pdl\middleware\ble\lib\cy_ble_stack_gcc_host_soft_cm4.a(CyBleStackMgrIP_HostInterface.o)
                              .\CortexM4\ARM_GCC_541\Debug\cy_ble.o (Cy_BLE_EnableDleFeature)
Generated_Source\PSoC6\pdl\middleware\ble\lib\cy_ble_stack_gcc_host_soft_cm4.a(storage_pl.o)
                              Generated_Source\PSoC6\pdl\middleware\ble\lib\cy_ble_stack_gcc_host_soft_cm4.a(CyBleStackMgrIP_HostInterface.o) (storage_manager_init)
Generated_Source\PSoC6\pdl\middleware\ble\lib\cy_ble_stack_gcc_host_soft_cm4.a(transport_soft.o)
                              .\CortexM4\ARM_GCC_541\Debug\cy_ble_event_handler.o (Cy_BLE_HAL_SoftHciHostReceiveControllerPkt)
Generated_Source\PSoC6\pdl\middleware\ble\lib\cy_ble_stack_gcc_host_soft_cm4.a(host_main.o)
                              Generated_Source\PSoC6\pdl\middleware\ble\lib\cy_ble_stack_gcc_host_soft_cm4.a(CyBleStackMgrIP_HostInterface.o) (CyBle_HostInit)
Generated_Source\PSoC6\pdl\middleware\ble\lib\cy_ble_stack_gcc_host_soft_cm4.a(att_api.o)
                              Generated_Source\PSoC6\pdl\middleware\ble\lib\cy_ble_stack_gcc_host_soft_cm4.a(host_main.o) (BT_att_register)
Generated_Source\PSoC6\pdl\middleware\ble\lib\cy_ble_stack_gcc_host_soft_cm4.a(att_init.o)
                              Generated_Source\PSoC6\pdl\middleware\ble\lib\cy_ble_stack_gcc_host_soft_cm4.a(att_api.o) (att_connections)
Generated_Source\PSoC6\pdl\middleware\ble\lib\cy_ble_stack_gcc_host_soft_cm4.a(att_internal.o)
                              Generated_Source\PSoC6\pdl\middleware\ble\lib\cy_ble_stack_gcc_host_soft_cm4.a(att_api.o) (att_get_fsm_event)
Generated_Source\PSoC6\pdl\middleware\ble\lib\cy_ble_stack_gcc_host_soft_cm4.a(BT_common.o)
                              Generated_Source\PSoC6\pdl\middleware\ble\lib\cy_ble_stack_gcc_host_soft_cm4.a(host_main.o) (BT_bluetooth_off)
Generated_Source\PSoC6\pdl\middleware\ble\lib\cy_ble_stack_gcc_host_soft_cm4.a(device_queue.o)
                              Generated_Source\PSoC6\pdl\middleware\ble\lib\cy_ble_stack_gcc_host_soft_cm4.a(host_main.o) (CyBle_DeviceQueueHeapDeInit)
Generated_Source\PSoC6\pdl\middleware\ble\lib\cy_ble_stack_gcc_host_soft_cm4.a(l2cap.o)
                              Generated_Source\PSoC6\pdl\middleware\ble\lib\cy_ble_stack_gcc_host_soft_cm4.a(host_main.o) (CyBle_L2capCB)
Generated_Source\PSoC6\pdl\middleware\ble\lib\cy_ble_stack_gcc_host_soft_cm4.a(l2cap_disconnect.o)
                              Generated_Source\PSoC6\pdl\middleware\ble\lib\cy_ble_stack_gcc_host_soft_cm4.a(l2cap.o) (l2ca_disconnect_req)
Generated_Source\PSoC6\pdl\middleware\ble\lib\cy_ble_stack_gcc_host_soft_cm4.a(l2cap_init.o)
                              Generated_Source\PSoC6\pdl\middleware\ble\lib\cy_ble_stack_gcc_host_soft_cm4.a(l2cap_disconnect.o) (l2cap_fixed_channel)
Generated_Source\PSoC6\pdl\middleware\ble\lib\cy_ble_stack_gcc_host_soft_cm4.a(l2cap_utils.o)
                              Generated_Source\PSoC6\pdl\middleware\ble\lib\cy_ble_stack_gcc_host_soft_cm4.a(l2cap_disconnect.o) (l2cap_buffer_dequeue)
Generated_Source\PSoC6\pdl\middleware\ble\lib\cy_ble_stack_gcc_host_soft_cm4.a(l2cap_lmp.o)
                              Generated_Source\PSoC6\pdl\middleware\ble\lib\cy_ble_stack_gcc_host_soft_cm4.a(CyBleStackMgrIP_HostInterface.o) (l2cap_schedule_data_tx)
Generated_Source\PSoC6\pdl\middleware\ble\lib\cy_ble_stack_gcc_host_soft_cm4.a(l2cap_le.o)
                              Generated_Source\PSoC6\pdl\middleware\ble\lib\cy_ble_stack_gcc_host_soft_cm4.a(l2cap.o) (BT_l2cap_le_connection_param_update_request)
Generated_Source\PSoC6\pdl\middleware\ble\lib\cy_ble_stack_gcc_host_soft_cm4.a(l2cap_fixed_channel.o)
                              Generated_Source\PSoC6\pdl\middleware\ble\lib\cy_ble_stack_gcc_host_soft_cm4.a(att_internal.o) (l2cap_fixed_channel_data_write)
Generated_Source\PSoC6\pdl\middleware\ble\lib\cy_ble_stack_gcc_host_soft_cm4.a(l2cap_channels.o)
                              Generated_Source\PSoC6\pdl\middleware\ble\lib\cy_ble_stack_gcc_host_soft_cm4.a(l2cap.o) (l2cap_free_channel)
Generated_Source\PSoC6\pdl\middleware\ble\lib\cy_ble_stack_gcc_host_soft_cm4.a(l2cap_credit_mode.o)
                              Generated_Source\PSoC6\pdl\middleware\ble\lib\cy_ble_stack_gcc_host_soft_cm4.a(l2cap.o) (l2ca_cbfc_connect_req)
Generated_Source\PSoC6\pdl\middleware\ble\lib\cy_ble_stack_gcc_host_soft_cm4.a(l2cap_command.o)
                              Generated_Source\PSoC6\pdl\middleware\ble\lib\cy_ble_stack_gcc_host_soft_cm4.a(l2cap_init.o) (l2cap_command_rej)
Generated_Source\PSoC6\pdl\middleware\ble\lib\cy_ble_stack_gcc_host_soft_cm4.a(fsm_engine.o)
                              Generated_Source\PSoC6\pdl\middleware\ble\lib\cy_ble_stack_gcc_host_soft_cm4.a(att_api.o) (fsm_post_event)
Generated_Source\PSoC6\pdl\middleware\ble\lib\cy_ble_stack_gcc_host_soft_cm4.a(fsm_engine_pl.o)
[...]
Memory Configuration

Name             Origin             Length             Attributes
ram              0x08024000         0x00023800         xrw
flash            0x10080000         0x00080000         xr
em_eeprom        0x14000000         0x00008000         xr
sflash_user_data 0x16000800         0x00000800         xr
sflash_nar       0x16001a00         0x00000200         xr
sflash_public_key 0x16005a00         0x00000c00         xr
sflash_toc_2     0x16007c00         0x00000200         xr
sflash_rtoc_2    0x16007e00         0x00000200         xr
xip              0x18000000         0x08000000         xr
efuse            0x90700000         0x00100000         r
*default*        0x00000000         0xffffffff

Linker script and memory map

LOAD c:/program files (x86)/cypress/psoc creator/4.4/psoc creator/import/gnu/arm/5.4.1/bin/../lib/gcc/arm-none-eabi/5.4.1/armv7e-m/softfp/crti.o
LOAD c:/program files (x86)/cypress/psoc creator/4.4/psoc creator/import/gnu/arm/5.4.1/bin/../lib/gcc/arm-none-eabi/5.4.1/armv7e-m/softfp/crtbegin.o
LOAD c:/program files (x86)/cypress/psoc creator/4.4/psoc creator/import/gnu/arm/5.4.1/bin/../lib/gcc/arm-none-eabi/5.4.1/../../../../arm-none-eabi/lib/armv7e-m/softfp/crt0.o
START GROUP
LOAD Generated_Source\PSoC6\pdl\middleware\ble\lib\cy_ble_stack_gcc_host_soft_cm4.a
LOAD Generated_Source\PSoC6\pdl\middleware\ble\lib\cy_ble_stack_gcc_controller_soft_cm4.a
LOAD Generated_Source\PSoC6\pdl\middleware\ble\lib\cy_ble_stack_gcc_manager_soft_cm4.a
LOAD .\CortexM4\ARM_GCC_541\Debug\startup_psoc6_01_cm4.o
LOAD .\CortexM4\ARM_GCC_541\Debug\main_cm4.o
LOAD .\CortexM4\ARM_GCC_541\Debug\system_psoc6_cm4.o
LOAD .\CortexM4\ARM_GCC_541\Debug\cyfitter_sysint_cfg.o
LOAD .\CortexM4\ARM_GCC_541\Debug\cymetadata.o
LOAD .\CortexM4\ARM_GCC_541\Debug\cy_efuse.o
LOAD .\CortexM4\ARM_GCC_541\Debug\cy_flash.o
LOAD .\CortexM4\ARM_GCC_541\Debug\cy_gpio.o
LOAD .\CortexM4\ARM_GCC_541\Debug\cy_ipc_drv.o
LOAD .\CortexM4\ARM_GCC_541\Debug\cy_ipc_sema.o
LOAD .\CortexM4\ARM_GCC_541\Debug\cy_ipc_pipe.o
LOAD .\CortexM4\ARM_GCC_541\Debug\cy_lvd.o
LOAD .\CortexM4\ARM_GCC_541\Debug\cy_profile.o
LOAD .\CortexM4\ARM_GCC_541\Debug\cy_prot.o
LOAD .\CortexM4\ARM_GCC_541\Debug\cy_sysanalog.o
LOAD .\CortexM4\ARM_GCC_541\Debug\cy_sysclk.o
LOAD .\CortexM4\ARM_GCC_541\Debug\cy_sysint.o
LOAD .\CortexM4\ARM_GCC_541\Debug\cy_syslib.o
LOAD .\CortexM4\ARM_GCC_541\Debug\cy_syslib_gcc.o
LOAD .\CortexM4\ARM_GCC_541\Debug\cy_syspm.o
LOAD .\CortexM4\ARM_GCC_541\Debug\cy_systick.o
LOAD .\CortexM4\ARM_GCC_541\Debug\cy_trigmux.o
LOAD .\CortexM4\ARM_GCC_541\Debug\cy_wdt.o
LOAD .\CortexM4\ARM_GCC_541\Debug\cy_device.o
LOAD .\CortexM4\ARM_GCC_541\Debug\cy_scb_common.o
LOAD .\CortexM4\ARM_GCC_541\Debug\cy_scb_i2c.o
LOAD .\CortexM4\ARM_GCC_541\Debug\cy_scb_ezi2c.o
LOAD .\CortexM4\ARM_GCC_541\Debug\cy_scb_spi.o
LOAD .\CortexM4\ARM_GCC_541\Debug\cy_scb_uart.o
LOAD .\CortexM4\ARM_GCC_541\Debug\cy_ble_clk.o
LOAD .\CortexM4\ARM_GCC_541\Debug\cy_ble.o
LOAD .\CortexM4\ARM_GCC_541\Debug\cy_ble_hal_int.o
LOAD .\CortexM4\ARM_GCC_541\Debug\cy_ble_hal_pvt.o
LOAD .\CortexM4\ARM_GCC_541\Debug\cy_ble_gap.o
LOAD .\CortexM4\ARM_GCC_541\Debug\cy_ble_gatt.o
LOAD .\CortexM4\ARM_GCC_541\Debug\cy_ble_event_handler.o
LOAD .\CortexM4\ARM_GCC_541\Debug\cy_ble_ancs.o
LOAD .\CortexM4\ARM_GCC_541\Debug\cy_ble_ans.o
LOAD .\CortexM4\ARM_GCC_541\Debug\cy_ble_aios.o
LOAD .\CortexM4\ARM_GCC_541\Debug\cy_ble_bas.o
LOAD .\CortexM4\ARM_GCC_541\Debug\cy_ble_bcs.o
LOAD .\CortexM4\ARM_GCC_541\Debug\cy_ble_bls.o
LOAD .\CortexM4\ARM_GCC_541\Debug\cy_ble_bms.o
LOAD .\CortexM4\ARM_GCC_541\Debug\cy_ble_bts.o
LOAD .\CortexM4\ARM_GCC_541\Debug\cy_ble_cgms.o
LOAD .\CortexM4\ARM_GCC_541\Debug\cy_ble_cps.o
LOAD .\CortexM4\ARM_GCC_541\Debug\cy_ble_cscs.o
LOAD .\CortexM4\ARM_GCC_541\Debug\cy_ble_cts.o
LOAD .\CortexM4\ARM_GCC_541\Debug\cy_ble_custom.o
LOAD .\CortexM4\ARM_GCC_541\Debug\cy_ble_dis.o
LOAD .\CortexM4\ARM_GCC_541\Debug\cy_ble_ess.o
LOAD .\CortexM4\ARM_GCC_541\Debug\cy_ble_gls.o
LOAD .\CortexM4\ARM_GCC_541\Debug\cy_ble_hids.o
LOAD .\CortexM4\ARM_GCC_541\Debug\cy_ble_hps.o
LOAD .\CortexM4\ARM_GCC_541\Debug\cy_ble_hrs.o
LOAD .\CortexM4\ARM_GCC_541\Debug\cy_ble_hts.o
LOAD .\CortexM4\ARM_GCC_541\Debug\cy_ble_ias.o
LOAD .\CortexM4\ARM_GCC_541\Debug\cy_ble_ips.o
LOAD .\CortexM4\ARM_GCC_541\Debug\cy_ble_lls.o
LOAD .\CortexM4\ARM_GCC_541\Debug\cy_ble_lns.o
LOAD .\CortexM4\ARM_GCC_541\Debug\cy_ble_ndcs.o
LOAD .\CortexM4\ARM_GCC_541\Debug\cy_ble_plxs.o
LOAD .\CortexM4\ARM_GCC_541\Debug\cy_ble_pass.o
LOAD .\CortexM4\ARM_GCC_541\Debug\cy_ble_rscs.o
LOAD .\CortexM4\ARM_GCC_541\Debug\cy_ble_rtus.o
LOAD .\CortexM4\ARM_GCC_541\Debug\cy_ble_scps.o
LOAD .\CortexM4\ARM_GCC_541\Debug\cy_ble_tps.o
LOAD .\CortexM4\ARM_GCC_541\Debug\cy_ble_uds.o
LOAD .\CortexM4\ARM_GCC_541\Debug\cy_ble_wpts.o
LOAD .\CortexM4\ARM_GCC_541\Debug\cy_ble_wss.o
LOAD .\CortexM4\ARM_GCC_541\Debug\UART.o
LOAD .\CortexM4\ARM_GCC_541\Debug\BLE.o
LOAD .\CortexM4\ARM_GCC_541\Debug\BLE_config.o
LOAD .\CortexM4\ARM_GCC_541\Debug\BLE_dis_config.o
LOAD .\CortexM4\ARM_GCC_541\Debug\BLE_custom_config.o
END GROUP
START GROUP
LOAD c:/program files (x86)/cypress/psoc creator/4.4/psoc creator/import/gnu/arm/5.4.1/bin/../lib/gcc/arm-none-eabi/5.4.1/armv7e-m/softfp\libgcc.a
LOAD c:/program files (x86)/cypress/psoc creator/4.4/psoc creator/import/gnu/arm/5.4.1/bin/../lib/gcc/arm-none-eabi/5.4.1/../../../../arm-none-eabi/lib/armv7e-m/softfp\libg_nano.a
LOAD c:/program files (x86)/cypress/psoc creator/4.4/psoc creator/import/gnu/arm/5.4.1/bin/../lib/gcc/arm-none-eabi/5.4.1/../../../../arm-none-eabi/lib/armv7e-m/softfp\libc_nano.a
END GROUP
START GROUP
LOAD c:/program files (x86)/cypress/psoc creator/4.4/psoc creator/import/gnu/arm/5.4.1/bin/../lib/gcc/arm-none-eabi/5.4.1/armv7e-m/softfp\libgcc.a
LOAD c:/program files (x86)/cypress/psoc creator/4.4/psoc creator/import/gnu/arm/5.4.1/bin/../lib/gcc/arm-none-eabi/5.4.1/../../../../arm-none-eabi/lib/armv7e-m/softfp\libc_nano.a
END GROUP
LOAD c:/program files (x86)/cypress/psoc creator/4.4/psoc creator/import/gnu/arm/5.4.1/bin/../lib/gcc/arm-none-eabi/5.4.1/armv7e-m/softfp/crtend.o
LOAD c:/program files (x86)/cypress/psoc creator/4.4/psoc creator/import/gnu/arm/5.4.1/bin/../lib/gcc/arm-none-eabi/5.4.1/armv7e-m/softfp/crtn.o
START GROUP
LOAD c:/program files (x86)/cypress/psoc creator/4.4/psoc creator/import/gnu/arm/5.4.1/bin/../lib/gcc/arm-none-eabi/5.4.1/armv7e-m/softfp\libgcc.a
LOAD c:/program files (x86)/cypress/psoc creator/4.4/psoc creator/import/gnu/arm/5.4.1/bin/../lib/gcc/arm-none-eabi/5.4.1/../../../../arm-none-eabi/lib/armv7e-m/softfp\libc.a
LOAD c:/program files (x86)/cypress/psoc creator/4.4/psoc creator/import/gnu/arm/5.4.1/bin/../lib/gcc/arm-none-eabi/5.4.1/../../../../arm-none-eabi/lib/armv7e-m/softfp\libnosys.a
END GROUP
START GROUP
LOAD c:/program files (x86)/cypress/psoc creator/4.4/psoc creator/import/gnu/arm/5.4.1/bin/../lib/gcc/arm-none-eabi/5.4.1/armv7e-m/softfp\libgcc.a
LOAD c:/program files (x86)/cypress/psoc creator/4.4/psoc creator/import/gnu/arm/5.4.1/bin/../lib/gcc/arm-none-eabi/5.4.1/../../../../arm-none-eabi/lib/armv7e-m/softfp\libc.a
LOAD c:/program files (x86)/cypress/psoc creator/4.4/psoc creator/import/gnu/arm/5.4.1/bin/../lib/gcc/arm-none-eabi/5.4.1/../../../../arm-none-eabi/lib/armv7e-m/softfp\libm.a
LOAD c:/program files (x86)/cypress/psoc creator/4.4/psoc creator/import/gnu/arm/5.4.1/bin/../lib/gcc/arm-none-eabi/5.4.1/../../../../arm-none-eabi/lib/armv7e-m/softfp\libnosys.a
END GROUP

.text           0x10080000     0x1200
                0x10080000                . = ALIGN (0x4)
                0x10080000                __Vectors = .
 *(.vectors)
 .vectors       0x10080000      0x28c .\CortexM4\ARM_GCC_541\Debug\startup_psoc6_01_cm4.o
                0x1008028c                . = ALIGN (0x4)
                0x1008028c                __Vectors_End = .
                0x0000028c                __Vectors_Size = (__Vectors_End - __Vectors)
                0x1008028c                __end__ = .
                0x1008028c                . = ALIGN (0x4)
 *(.text*)
 .text          0x1008028c       0x5c c:/program files (x86)/cypress/psoc creator/4.4/psoc creator/import/gnu/arm/5.4.1/bin/../lib/gcc/arm-none-eabi/5.4.1/armv7e-m/softfp/crtbegin.o
 .text          0x100802e8       0x84 .\CortexM4\ARM_GCC_541\Debug\startup_psoc6_01_cm4.o
                0x100802e8                Cy_OnResetUser
                0x100802ea                Reset_Handler
                0x1008034c                cpuss_interrupts_ipc_6_IRQHandler
                0x1008034c                DebugMon_Handler
                0x1008034c                tcpwm_1_interrupts_11_IRQHandler
                0x1008034c                cpuss_interrupts_ipc_0_IRQHandler
                0x1008034c                tcpwm_1_interrupts_15_IRQHandler
                0x1008034c                ioss_interrupts_gpio_13_IRQHandler
                0x1008034c                tcpwm_1_interrupts_13_IRQHandler
                0x1008034c                cpuss_interrupts_dw1_8_IRQHandler
                0x1008034c                tcpwm_0_interrupts_0_IRQHandler
                0x1008034c                SysTick_Handler
                0x1008034c                cpuss_interrupt_fm_IRQHandler
                0x1008034c                cpuss_interrupts_ipc_7_IRQHandler
                0x1008034c                tcpwm_1_interrupts_14_IRQHandler
                0x1008034c                cpuss_interrupts_dw0_5_IRQHandler
                0x1008034c                tcpwm_1_interrupts_9_IRQHandler
                0x1008034c                cpuss_interrupts_cm0_cti_1_IRQHandler
                0x1008034c                tcpwm_1_interrupts_22_IRQHandler
                0x1008034c                cpuss_interrupts_dw0_4_IRQHandler
                0x1008034c                PendSV_Handler
                0x1008034c                NMI_Handler
                0x1008034c                cpuss_interrupts_dw1_12_IRQHandler
                0x1008034c                tcpwm_1_interrupts_12_IRQHandler
                0x1008034c                smif_interrupt_IRQHandler
                0x1008034c                tcpwm_1_interrupts_2_IRQHandler
                0x1008034c                cpuss_interrupts_ipc_13_IRQHandler
                0x1008034c                udb_interrupts_11_IRQHandler
                0x1008034c                tcpwm_1_interrupts_18_IRQHandler
                0x1008034c                cpuss_interrupts_dw0_11_IRQHandler
                0x1008034c                tcpwm_0_interrupts_2_IRQHandler
                0x1008034c                cpuss_interrupts_dw0_13_IRQHandler
                0x1008034c                udb_interrupts_2_IRQHandler
                0x1008034c                cpuss_interrupts_dw1_7_IRQHandler
                0x1008034c                ioss_interrupts_gpio_1_IRQHandler
                0x1008034c                ioss_interrupts_gpio_7_IRQHandler
                0x1008034c                scb_5_interrupt_IRQHandler
                0x1008034c                udb_interrupts_6_IRQHandler
                0x1008034c                cpuss_interrupts_fault_1_IRQHandler
                0x1008034c                cpuss_interrupts_ipc_4_IRQHandler
                0x1008034c                cpuss_interrupts_ipc_5_IRQHandler
                0x1008034c                cpuss_interrupts_dw1_10_IRQHandler
                0x1008034c                udb_interrupts_0_IRQHandler
                0x1008034c                tcpwm_1_interrupts_6_IRQHandler
                0x1008034c                scb_4_interrupt_IRQHandler
                0x1008034c                pass_interrupt_dacs_IRQHandler
                0x1008034c                ioss_interrupts_gpio_2_IRQHandler
                0x1008034c                cpuss_interrupts_dw1_9_IRQHandler
                0x1008034c                cpuss_interrupts_dw1_13_IRQHandler
                0x1008034c                scb_2_interrupt_IRQHandler
                0x1008034c                cpuss_interrupts_cm0_cti_0_IRQHandler
                0x1008034c                udb_interrupts_5_IRQHandler
                0x1008034c                srss_interrupt_IRQHandler
                0x1008034c                udb_interrupts_12_IRQHandler
                0x1008034c                scb_0_interrupt_IRQHandler
                0x1008034c                csd_interrupt_IRQHandler
                0x1008034c                udb_interrupts_1_IRQHandler
                0x1008034c                profile_interrupt_IRQHandler
                0x1008034c                tcpwm_1_interrupts_1_IRQHandler
                0x1008034c                cpuss_interrupts_ipc_12_IRQHandler
                0x1008034c                tcpwm_1_interrupts_3_IRQHandler
                0x1008034c                tcpwm_0_interrupts_7_IRQHandler
                0x1008034c                cpuss_interrupts_dw1_1_IRQHandler
                0x1008034c                cpuss_interrupts_dw1_0_IRQHandler
                0x1008034c                cpuss_interrupts_dw0_9_IRQHandler
                0x1008034c                lpcomp_interrupt_IRQHandler
                0x1008034c                tcpwm_1_interrupts_23_IRQHandler
                0x1008034c                udb_interrupts_4_IRQHandler
                0x1008034c                tcpwm_1_interrupts_20_IRQHandler
                0x1008034c                ioss_interrupt_gpio_IRQHandler
                0x1008034c                tcpwm_0_interrupts_1_IRQHandler
                0x1008034c                ioss_interrupts_gpio_8_IRQHandler
                0x1008034c                tcpwm_0_interrupts_6_IRQHandler
                0x1008034c                scb_7_interrupt_IRQHandler
                0x1008034c                tcpwm_1_interrupts_7_IRQHandler
                0x1008034c                cpuss_interrupts_ipc_11_IRQHandler
                0x1008034c                udb_interrupts_13_IRQHandler
                0x1008034c                cpuss_interrupts_dw0_15_IRQHandler
                0x1008034c                udb_interrupts_7_IRQHandler
                0x1008034c                cpuss_interrupts_dw1_6_IRQHandler
                0x1008034c                cpuss_interrupt_crypto_IRQHandler
                0x1008034c                scb_1_interrupt_IRQHandler
                0x1008034c                Default_Handler
                0x1008034c                usb_interrupt_hi_IRQHandler
                0x1008034c                tcpwm_1_interrupts_0_IRQHandler
                0x1008034c                udb_interrupts_9_IRQHandler
                0x1008034c                audioss_interrupt_pdm_IRQHandler
                0x1008034c                srss_interrupt_mcwdt_0_IRQHandler
                0x1008034c                scb_3_interrupt_IRQHandler
                0x1008034c                pass_interrupt_ctbs_IRQHandler
                0x1008034c                udb_interrupts_8_IRQHandler
                0x1008034c                ioss_interrupts_gpio_3_IRQHandler
                0x1008034c                scb_6_interrupt_IRQHandler
                0x1008034c                cpuss_interrupts_cm4_cti_0_IRQHandler
                0x1008034c                cpuss_interrupts_dw1_3_IRQHandler
                0x1008034c                pass_interrupt_sar_IRQHandler
                0x1008034c                ioss_interrupts_gpio_0_IRQHandler
                0x1008034c                ioss_interrupts_gpio_14_IRQHandler
                0x1008034c                tcpwm_0_interrupts_4_IRQHandler
                0x1008034c                udb_interrupts_3_IRQHandler
                0x1008034c                tcpwm_0_interrupts_5_IRQHandler
                0x1008034c                cpuss_interrupts_ipc_15_IRQHandler
                0x1008034c                cpuss_interrupts_cm4_cti_1_IRQHandler
                0x1008034c                scb_8_interrupt_IRQHandler
                0x1008034c                srss_interrupt_mcwdt_1_IRQHandler
                0x1008034c                cpuss_interrupts_dw1_2_IRQHandler
                0x1008034c                SVC_Handler
                0x1008034c                cpuss_interrupts_dw1_5_IRQHandler
                0x1008034c                cpuss_interrupts_ipc_1_IRQHandler
                0x1008034c                cpuss_interrupts_dw0_0_IRQHandler
                0x1008034c                ioss_interrupts_gpio_12_IRQHandler
                0x1008034c                cpuss_interrupts_ipc_3_IRQHandler
                0x1008034c                tcpwm_1_interrupts_17_IRQHandler
                0x1008034c                srss_interrupt_backup_IRQHandler
                0x1008034c                bless_interrupt_IRQHandler
                0x1008034c                cpuss_interrupts_ipc_10_IRQHandler
                0x1008034c                cpuss_interrupts_ipc_9_IRQHandler
                0x1008034c                cpuss_interrupts_dw0_14_IRQHandler
                0x1008034c                tcpwm_1_interrupts_4_IRQHandler
                0x1008034c                tcpwm_0_interrupts_3_IRQHandler
                0x1008034c                cpuss_interrupts_dw1_15_IRQHandler
                0x1008034c                ioss_interrupts_gpio_10_IRQHandler
                0x1008034c                udb_interrupts_10_IRQHandler
                0x1008034c                cpuss_interrupts_dw0_8_IRQHandler
                0x1008034c                ioss_interrupts_gpio_11_IRQHandler
                0x1008034c                cpuss_interrupts_ipc_14_IRQHandler
                0x1008034c                ioss_interrupts_gpio_5_IRQHandler
                0x1008034c                ioss_interrupts_gpio_4_IRQHandler
                0x1008034c                tcpwm_1_interrupts_8_IRQHandler
                0x1008034c                cpuss_interrupts_dw1_14_IRQHandler
                0x1008034c                usb_interrupt_med_IRQHandler
                0x1008034c                cpuss_interrupts_dw0_2_IRQHandler
                0x1008034c                tcpwm_1_interrupts_10_IRQHandler
                0x1008034c                cpuss_interrupts_fault_0_IRQHandler
                0x1008034c                cpuss_interrupts_dw0_12_IRQHandler
                0x1008034c                ioss_interrupts_gpio_6_IRQHandler
                0x1008034c                tcpwm_1_interrupts_21_IRQHandler
                0x1008034c                tcpwm_1_interrupts_16_IRQHandler
                0x1008034c                cpuss_interrupts_dw1_4_IRQHandler
                0x1008034c                udb_interrupts_15_IRQHandler
                0x1008034c                cpuss_interrupts_dw1_11_IRQHandler
                0x1008034c                cpuss_interrupts_dw0_6_IRQHandler
                0x1008034c                ioss_interrupt_vdd_IRQHandler
                0x1008034c                cpuss_interrupts_dw0_7_IRQHandler
                0x1008034c                audioss_interrupt_i2s_IRQHandler
                0x1008034c                tcpwm_1_interrupts_5_IRQHandler
                0x1008034c                cpuss_interrupts_ipc_2_IRQHandler
                0x1008034c                cpuss_interrupts_dw0_10_IRQHandler
                0x1008034c                tcpwm_1_interrupts_19_IRQHandler
                0x1008034c                cpuss_interrupts_dw0_1_IRQHandler
                0x1008034c                ioss_interrupts_gpio_9_IRQHandler
                0x1008034c                usb_interrupt_lo_IRQHandler
                0x1008034c                cpuss_interrupts_ipc_8_IRQHandler
                0x1008034c                udb_interrupts_14_IRQHandler
                0x1008034c                cpuss_interrupts_dw0_3_IRQHandler
                0x10080350                UsageFault_Handler
                0x10080350                HardFault_Handler
                0x10080350                MemManage_Handler
                0x10080350                BusFault_Handler
 .text.main     0x1008036c        0x4 .\CortexM4\ARM_GCC_541\Debug\main_cm4.o
                0x1008036c                main
 .text.Cy_SysIpcPipeIsrCm4
                0x10080370        0xc .\CortexM4\ARM_GCC_541\Debug\system_psoc6_cm4.o
                0x10080370                Cy_SysIpcPipeIsrCm4
 .text.Cy_SystemInit
                0x1008037c        0x4 .\CortexM4\ARM_GCC_541\Debug\system_psoc6_cm4.o
                0x1008037c                Cy_SystemInit
 .text.SystemCoreClockUpdate
                0x10080380      0x190 .\CortexM4\ARM_GCC_541\Debug\system_psoc6_cm4.o
                0x10080380                SystemCoreClockUpdate
 .text.SystemInit
                0x10080510       0x48 .\CortexM4\ARM_GCC_541\Debug\system_psoc6_cm4.o
                0x10080510                SystemInit
 .text.Cy_SystemInitFpuEnable
                0x10080558       0x28 .\CortexM4\ARM_GCC_541\Debug\system_psoc6_cm4.o
                0x10080558                Cy_SystemInitFpuEnable
 .text.Cy_Flash_ProcessOpcode
                0x10080580       0xac .\CortexM4\ARM_GCC_541\Debug\cy_flash.o
 .text.Cy_Flash_OperationStatus
                0x1008062c       0x5c .\CortexM4\ARM_GCC_541\Debug\cy_flash.o
 .text.Cy_Flash_InitExt
                0x10080688       0x80 .\CortexM4\ARM_GCC_541\Debug\cy_flash.o
                0x10080688                Cy_Flash_InitExt
 .text.Cy_Flash_Init
                0x10080708       0x10 .\CortexM4\ARM_GCC_541\Debug\cy_flash.o
                0x10080708                Cy_Flash_Init
 .text.Cy_IPC_Drv_LockRelease
                0x10080718       0x3c .\CortexM4\ARM_GCC_541\Debug\cy_ipc_drv.o
                0x10080718                Cy_IPC_Drv_LockRelease
 .text.Cy_IPC_Drv_SendMsgWord
                0x10080754       0x3c .\CortexM4\ARM_GCC_541\Debug\cy_ipc_drv.o
                0x10080754                Cy_IPC_Drv_SendMsgWord
 .text.Cy_IPC_Drv_ReadMsgWord
                0x10080790       0x38 .\CortexM4\ARM_GCC_541\Debug\cy_ipc_drv.o
                0x10080790                Cy_IPC_Drv_ReadMsgWord
 .text.Cy_IPC_Sema_InitExt
                0x100807c8       0xac .\CortexM4\ARM_GCC_541\Debug\cy_ipc_sema.o
                0x100807c8                Cy_IPC_Sema_InitExt
 .text.Cy_IPC_Sema_Init
                0x10080874       0x64 .\CortexM4\ARM_GCC_541\Debug\cy_ipc_sema.o
                0x10080874                Cy_IPC_Sema_Init
 .text.Cy_IPC_Sema_Clear
                0x100808d8       0x88 .\CortexM4\ARM_GCC_541\Debug\cy_ipc_sema.o
                0x100808d8                Cy_IPC_Sema_Clear
 .text.Cy_IPC_Sema_Status
                0x10080960       0x40 .\CortexM4\ARM_GCC_541\Debug\cy_ipc_sema.o
                0x10080960                Cy_IPC_Sema_Status
 .text.Cy_IPC_Pipe_Config
                0x100809a0       0x10 .\CortexM4\ARM_GCC_541\Debug\cy_ipc_pipe.o
                0x100809a0                Cy_IPC_Pipe_Config
 .text.Cy_IPC_Pipe_EndpointInit
                0x100809b0       0xd0 .\CortexM4\ARM_GCC_541\Debug\cy_ipc_pipe.o
                0x100809b0                Cy_IPC_Pipe_EndpointInit
 .text.Cy_IPC_Pipe_Init
                0x10080a80       0xb4 .\CortexM4\ARM_GCC_541\Debug\cy_ipc_pipe.o
                0x10080a80                Cy_IPC_Pipe_Init
 .text.Cy_IPC_Pipe_SendMessage
                0x10080b34       0xa4 .\CortexM4\ARM_GCC_541\Debug\cy_ipc_pipe.o
                0x10080b34                Cy_IPC_Pipe_SendMessage
 .text.Cy_IPC_Pipe_RegisterCallback
                0x10080bd8       0x50 .\CortexM4\ARM_GCC_541\Debug\cy_ipc_pipe.o
                0x10080bd8                Cy_IPC_Pipe_RegisterCallback
 .text.Cy_IPC_Pipe_ExecCallback
                0x10080c28       0xbc .\CortexM4\ARM_GCC_541\Debug\cy_ipc_pipe.o
                0x10080c28                Cy_IPC_Pipe_ExecCallback
 .text.Cy_IPC_Pipe_ExecuteCallback
                0x10080ce4       0x2c .\CortexM4\ARM_GCC_541\Debug\cy_ipc_pipe.o
                0x10080ce4                Cy_IPC_Pipe_ExecuteCallback
 .text.Cy_SysInt_SetVector
                0x10080d10       0x48 .\CortexM4\ARM_GCC_541\Debug\cy_sysint.o
                0x10080d10                Cy_SysInt_SetVector
 .text.Cy_SysInt_Init
                0x10080d58       0x74 .\CortexM4\ARM_GCC_541\Debug\cy_sysint.o
                0x10080d58                Cy_SysInt_Init
 .text.Cy_SysLib_Halt
                0x10080dcc        0x4 .\CortexM4\ARM_GCC_541\Debug\cy_syslib.o
                0x10080dcc                Cy_SysLib_Halt
 .text.Cy_SysLib_AssertFailed
                0x10080dd0       0x1c .\CortexM4\ARM_GCC_541\Debug\cy_syslib.o
                0x10080dd0                Cy_SysLib_AssertFailed
 .text.Cy_SysLib_ProcessingFault
                0x10080dec        0x4 .\CortexM4\ARM_GCC_541\Debug\cy_syslib.o
                0x10080dec                Cy_SysLib_ProcessingFault
 .text.Cy_SysLib_FaultHandler
                0x10080df0       0xa4 .\CortexM4\ARM_GCC_541\Debug\cy_syslib.o
                0x10080df0                Cy_SysLib_FaultHandler
 *fill*         0x10080e94        0x4 
 .text          0x10080e98       0x20 .\CortexM4\ARM_GCC_541\Debug\cy_syslib_gcc.o
                0x10080e98                Cy_SysLib_DelayCycles
                0x10080eaa                Cy_SysLib_EnterCriticalSection
                0x10080eb2                Cy_SysLib_ExitCriticalSection
 .text.Cy_PDL_Init
                0x10080eb8        0xc .\CortexM4\ARM_GCC_541\Debug\cy_device.o
                0x10080eb8                Cy_PDL_Init
 .text.memset   0x10080ec4       0x10 c:/program files (x86)/cypress/psoc creator/4.4/psoc creator/import/gnu/arm/5.4.1/bin/../lib/gcc/arm-none-eabi/5.4.1/../../../../arm-none-eabi/lib/armv7e-m/softfp\libg_nano.a(lib_a-memset.o)
                0x10080ec4                memset
 .text.strncpy  0x10080ed4       0x26 c:/program files (x86)/cypress/psoc creator/4.4/psoc creator/import/gnu/arm/5.4.1/bin/../lib/gcc/arm-none-eabi/5.4.1/../../../../arm-none-eabi/lib/armv7e-m/softfp\libg_nano.a(lib_a-strncpy.o)
                0x10080ed4                strncpy
 *(.init)
 *fill*         0x10080efa        0x2 
 .init          0x10080efc        0x4 c:/program files (x86)/cypress/psoc creator/4.4/psoc creator/import/gnu/arm/5.4.1/bin/../lib/gcc/arm-none-eabi/5.4.1/armv7e-m/softfp/crti.o
                0x10080efc                _init
 .init          0x10080f00        0x8 c:/program files (x86)/cypress/psoc creator/4.4/psoc creator/import/gnu/arm/5.4.1/bin/../lib/gcc/arm-none-eabi/5.4.1/armv7e-m/softfp/crtn.o
 *(.fini)
 .fini          0x10080f08        0x4 c:/program files (x86)/cypress/psoc creator/4.4/psoc creator/import/gnu/arm/5.4.1/bin/../lib/gcc/arm-none-eabi/5.4.1/armv7e-m/softfp/crti.o
                0x10080f08                _fini
 .fini          0x10080f0c        0x8 c:/program files (x86)/cypress/psoc creator/4.4/psoc creator/import/gnu/arm/5.4.1/bin/../lib/gcc/arm-none-eabi/5.4.1/armv7e-m/softfp/crtn.o
 *crtbegin.o(.ctors)
 *crtbegin?.o(.ctors)
 *(EXCLUDE_FILE(*crtend.o *crtend?.o) .ctors)
 *(SORT(.ctors.*))
 *(.ctors)
 *crtbegin.o(.dtors)
 *crtbegin?.o(.dtors)
 *(EXCLUDE_FILE(*crtend.o *crtend?.o) .dtors)
 *(SORT(.dtors.*))
 *(.dtors)
 *(.rodata .rodata.* .constdata .constdata.* .conststring .conststring.*)
 .rodata        0x10080f14       0x34 .\CortexM4\ARM_GCC_541\Debug\system_psoc6_cm4.o
 .rodata.str1.4
                0x10080f48       0x3f .\CortexM4\ARM_GCC_541\Debug\cy_flash.o
 *fill*         0x10080f87        0x1 
 .rodata.str1.4
                0x10080f88       0x7f .\CortexM4\ARM_GCC_541\Debug\cy_ipc_drv.o
 .rodata.str1.4
                0x10081007       0x3f .\CortexM4\ARM_GCC_541\Debug\cy_ipc_sema.o
 *fill*         0x10081007        0x1 
 .rodata.str1.4
                0x10081008       0x40 .\CortexM4\ARM_GCC_541\Debug\cy_ipc_pipe.o
                                 0x7f (size before relaxing)
 .rodata.str1.4
                0x10081048       0x44 .\CortexM4\ARM_GCC_541\Debug\cy_sysint.o
                                 0x41 (size before relaxing)
 .rodata        0x1008108c      0x170 .\CortexM4\ARM_GCC_541\Debug\cy_device.o
                0x1008108c                cy_deviceIpBlockCfgPSoC6_02
                0x10081144                cy_deviceIpBlockCfgPSoC6_01
 *(.eh_frame*)
 .eh_frame      0x100811fc        0x0 c:/program files (x86)/cypress/psoc creator/4.4/psoc creator/import/gnu/arm/5.4.1/bin/../lib/gcc/arm-none-eabi/5.4.1/armv7e-m/softfp/crtbegin.o
 .eh_frame      0x100811fc        0x4 c:/program files (x86)/cypress/psoc creator/4.4/psoc creator/import/gnu/arm/5.4.1/bin/../lib/gcc/arm-none-eabi/5.4.1/armv7e-m/softfp/crtend.o

.glue_7         0x10081200        0x0
 .glue_7        0x10081200        0x0 linker stubs

.glue_7t        0x10081200        0x0
 .glue_7t       0x10081200        0x0 linker stubs

.vfp11_veneer   0x10081200        0x0
 .vfp11_veneer  0x10081200        0x0 linker stubs

.v4_bx          0x10081200        0x0
 .v4_bx         0x10081200        0x0 linker stubs

.iplt           0x10081200        0x0
 .iplt          0x10081200        0x0 c:/program files (x86)/cypress/psoc creator/4.4/psoc creator/import/gnu/arm/5.4.1/bin/../lib/gcc/arm-none-eabi/5.4.1/armv7e-m/softfp/crtbegin.o

.ARM.extab
 *(.ARM.extab* .gnu.linkonce.armextab.*)
                0x10081200                __exidx_start = .

.ARM.exidx
 *(.ARM.exidx* .gnu.linkonce.armexidx.*)
                0x10081200                __exidx_end = .

.copy.table     0x10081200       0x18
                0x10081200                . = ALIGN (0x4)
                0x10081200                __copy_table_start__ = .
                0x10081200        0x4 LONG 0x10080000 __Vectors
                0x10081204        0x4 LONG 0x8024000 __ram_vectors_start__
                0x10081208        0x4 LONG 0x28c (__Vectors_End - __Vectors)
                0x1008120c        0x4 LONG 0x10081220 __etext
                0x10081210        0x4 LONG 0x802428c __data_start__
                0x10081214        0x4 LONG 0x5c4 (__data_end__ - __data_start__)
                0x10081218                __copy_table_end__ = .

.zero.table     0x10081218        0x8
                0x10081218                . = ALIGN (0x4)
                0x10081218                __zero_table_start__ = .
                0x10081218        0x4 LONG 0x8026dd0 __bss_start__
                0x1008121c        0x4 LONG 0x204 (__bss_end__ - __bss_start__)
                0x10081220                __zero_table_end__ = .
                0x10081220                __etext = .

.ramVectors     0x08024000      0x28c
                0x08024000                __ram_vectors_start__ = .
 *(.ram_vectors)
 .ram_vectors   0x08024000      0x28c .\CortexM4\ARM_GCC_541\Debug\startup_psoc6_01_cm4.o
                0x08024000                __ramVectors
                0x0802428c                __ram_vectors_end__ = .

.data           0x0802428c      0x5c4 load address 0x10081220
                0x0802428c                __data_start__ = .
 *(vtable)
 *(.data*)
 .data          0x0802428c       0x20 .\CortexM4\ARM_GCC_541\Debug\system_psoc6_cm4.o
                0x0802428c                cy_BleEcoClockFreqHz
                0x08024290                cy_Hfclk0FreqHz
                0x08024294                cy_PeriClkFreqHz
                0x08024298                SystemCoreClock
                0x0802429c                cy_delayFreqHz
                0x080242a0                cy_delayFreqMhz
                0x080242a4                cy_delayFreqKhz
                0x080242a8                cy_delay32kMs
                0x080242ac                . = ALIGN (0x4)
                0x080242ac                PROVIDE (__preinit_array_start, .)
 *(.preinit_array)
                0x080242ac                PROVIDE (__preinit_array_end, .)
                0x080242ac                . = ALIGN (0x4)
                0x080242ac                PROVIDE (__init_array_start, .)
 *(SORT(.init_array.*))
 *(.init_array)
 .init_array    0x080242ac        0x4 c:/program files (x86)/cypress/psoc creator/4.4/psoc creator/import/gnu/arm/5.4.1/bin/../lib/gcc/arm-none-eabi/5.4.1/armv7e-m/softfp/crtbegin.o
                0x080242b0                PROVIDE (__init_array_end, .)
                0x080242b0                . = ALIGN (0x4)
                [!provide]                PROVIDE (__fini_array_start, .)
 *(SORT(.fini_array.*))
 *(.fini_array)
 .fini_array    0x080242b0        0x4 c:/program files (x86)/cypress/psoc creator/4.4/psoc creator/import/gnu/arm/5.4.1/bin/../lib/gcc/arm-none-eabi/5.4.1/armv7e-m/softfp/crtbegin.o
                [!provide]                PROVIDE (__fini_array_end, .)
 *(.jcr*)
 .jcr           0x080242b4        0x0 c:/program files (x86)/cypress/psoc creator/4.4/psoc creator/import/gnu/arm/5.4.1/bin/../lib/gcc/arm-none-eabi/5.4.1/armv7e-m/softfp/crtbegin.o
 .jcr           0x080242b4        0x4 c:/program files (x86)/cypress/psoc creator/4.4/psoc creator/import/gnu/arm/5.4.1/bin/../lib/gcc/arm-none-eabi/5.4.1/armv7e-m/softfp/crtend.o
                0x080242b8                . = ALIGN (0x4)
 *(.cy_ramfunc*)
 .cy_ramfunc    0x080242b8      0x300 .\CortexM4\ARM_GCC_541\Debug\cy_flash.o
                0x08024324                Cy_Flash_ResumeIrqHandler
 .cy_ramfunc    0x080245b8      0x218 .\CortexM4\ARM_GCC_541\Debug\cy_syspm.o
 .cy_ramfunc.__stub
                0x080247d0       0x80 linker stubs
                0x08024850                . = ALIGN (0x4)
                0x08024850                __data_end__ = .

.igot.plt       0x08024850        0x0 load address 0x100817e4
 .igot.plt      0x08024850        0x0 c:/program files (x86)/cypress/psoc creator/4.4/psoc creator/import/gnu/arm/5.4.1/bin/../lib/gcc/arm-none-eabi/5.4.1/armv7e-m/softfp/crtbegin.o

.noinit         0x08024850     0x2580 load address 0x100817e8
 *(.noinit)
 .noinit        0x08024850       0x94 .\CortexM4\ARM_GCC_541\Debug\cy_syslib.o
                0x08024850                cy_assertFileName
                0x08024868                cy_assertLine
                0x0802486c                cy_faultFrame
 .noinit        0x080248e4     0x24ec .\CortexM4\ARM_GCC_541\Debug\cy_ble.o
                0x080248e4                cy_ble_stackMemoryRam

.bss            0x08026dd0      0x204 load address 0x10083d68
                0x08026dd0                . = ALIGN (0x4)
                0x08026dd0                __bss_start__ = .
 *(.bss*)
 .bss           0x08026dd0       0x1c c:/program files (x86)/cypress/psoc creator/4.4/psoc creator/import/gnu/arm/5.4.1/bin/../lib/gcc/arm-none-eabi/5.4.1/armv7e-m/softfp/crtbegin.o
 .bss           0x08026dec      0x180 .\CortexM4\ARM_GCC_541\Debug\system_psoc6_cm4.o
 .bss           0x08026f6c       0x18 .\CortexM4\ARM_GCC_541\Debug\cy_flash.o
 .bss           0x08026f84        0xc .\CortexM4\ARM_GCC_541\Debug\cy_ipc_sema.o
 .bss           0x08026f90        0x4 .\CortexM4\ARM_GCC_541\Debug\cy_ipc_pipe.o
 .bss           0x08026f94       0x3c .\CortexM4\ARM_GCC_541\Debug\cy_syspm.o
 *(COMMON)
 COMMON         0x08026fd0        0x4 .\CortexM4\ARM_GCC_541\Debug\cy_device.o
                0x08026fd0                cy_device
                0x08026fd4                . = ALIGN (0x4)
                0x08026fd4                __bss_end__ = .

.heap           0x08026fd8      0x400
                0x08026fd8                __HeapBase = .
                0x08026fd8                __end__ = .
                0x08026fd8                end = __end__
 *(.heap*)
 .heap          0x08026fd8      0x400 .\CortexM4\ARM_GCC_541\Debug\startup_psoc6_01_cm4.o
                0x080273d8                __HeapLimit = .

.stack_dummy    0x08026fd8     0x1000
 *(.stack*)
 .stack         0x08026fd8     0x1000 .\CortexM4\ARM_GCC_541\Debug\startup_psoc6_01_cm4.o
                0x08047800                __StackTop = (ORIGIN (ram) + LENGTH (ram))
                0x08046800                __StackLimit = (__StackTop - SIZEOF (.stack_dummy))
                0x08047800                PROVIDE (__stack, __StackTop)
                0x00000001                ASSERT ((__StackLimit >= __HeapLimit), region RAM overflowed with stack)

.cy_app_signature
 *(.cy_app_signature)

.cy_em_eeprom
 *(.cy_em_eeprom)

.cy_sflash_user_data
 *(.cy_sflash_user_data)

.cy_sflash_nar
 *(.cy_sflash_nar)

.cy_sflash_public_key
 *(.cy_sflash_public_key)

.cy_toc_part2
 *(.cy_toc_part2)

.cy_rtoc_part2
 *(.cy_rtoc_part2)

.cy_xip
 *(.cy_xip)

.cy_efuse
 *(.cy_efuse)

.cymeta         0x90500000        0xc
 *(.cymeta)
 .cymeta        0x90500000        0xc .\CortexM4\ARM_GCC_541\Debug\cymetadata.o
                0x90500000                cy_metadata
                0x10000000                __cy_memory_0_start = 0x10000000
                0x00100000                __cy_memory_0_length = 0x100000
                0x00000200                __cy_memory_0_row_size = 0x200
                0x14000000                __cy_memory_1_start = 0x14000000
                0x00008000                __cy_memory_1_length = 0x8000
                0x00000200                __cy_memory_1_row_size = 0x200
                0x16000000                __cy_memory_2_start = 0x16000000
                0x00008000                __cy_memory_2_length = 0x8000
                0x00000200                __cy_memory_2_row_size = 0x200
                0x18000000                __cy_memory_3_start = 0x18000000
                0x08000000                __cy_memory_3_length = 0x8000000
                0x00000200                __cy_memory_3_row_size = 0x200
                0x90700000                __cy_memory_4_start = 0x90700000
                0x00100000                __cy_memory_4_length = 0x100000
                0x00000001                __cy_memory_4_row_size = 0x1
OUTPUT(\\Mac\Data\VScode\Onethinx\BLE_DEMO\Onethinx_Creator.cydsn\CortexM4\ARM_GCC_541\Debug\Onethinx_Creator_link.elf elf32-littlearm)

.rel.dyn        0x08026fd4        0x0 load address 0x9855cfa4
 .rel.iplt      0x08026fd4        0x0 c:/program files (x86)/cypress/psoc creator/4.4/psoc creator/import/gnu/arm/5.4.1/bin/../lib/gcc/arm-none-eabi/5.4.1/armv7e-m/softfp/crtbegin.o

.ARM.attributes
                0x00000000       0x30
 .ARM.attributes
                0x00000000       0x22 c:/program files (x86)/cypress/psoc creator/4.4/psoc creator/import/gnu/arm/5.4.1/bin/../lib/gcc/arm-none-eabi/5.4.1/armv7e-m/softfp/crti.o
 .ARM.attributes
                0x00000022       0x32 c:/program files (x86)/cypress/psoc creator/4.4/psoc creator/import/gnu/arm/5.4.1/bin/../lib/gcc/arm-none-eabi/5.4.1/armv7e-m/softfp/crtbegin.o
 .ARM.attributes
                0x00000054       0x1f .\CortexM4\ARM_GCC_541\Debug\startup_psoc6_01_cm4.o
 .ARM.attributes
                0x00000073       0x37 .\CortexM4\ARM_GCC_541\Debug\main_cm4.o
 .ARM.attributes
                0x000000aa       0x37 .\CortexM4\ARM_GCC_541\Debug\system_psoc6_cm4.o
 .ARM.attributes
                0x000000e1       0x37 .\CortexM4\ARM_GCC_541\Debug\cymetadata.o
 .ARM.attributes
                0x00000118       0x37 .\CortexM4\ARM_GCC_541\Debug\cy_flash.o
 .ARM.attributes
                0x0000014f       0x37 .\CortexM4\ARM_GCC_541\Debug\cy_ipc_drv.o
 .ARM.attributes
                0x00000186       0x37 .\CortexM4\ARM_GCC_541\Debug\cy_ipc_sema.o
 .ARM.attributes
                0x000001bd       0x37 .\CortexM4\ARM_GCC_541\Debug\cy_ipc_pipe.o
 .ARM.attributes
                0x000001f4       0x37 .\CortexM4\ARM_GCC_541\Debug\cy_sysint.o
 .ARM.attributes
                0x0000022b       0x37 .\CortexM4\ARM_GCC_541\Debug\cy_syslib.o
 .ARM.attributes
                0x00000262       0x25 .\CortexM4\ARM_GCC_541\Debug\cy_syslib_gcc.o
 .ARM.attributes
                0x00000287       0x37 .\CortexM4\ARM_GCC_541\Debug\cy_syspm.o
 .ARM.attributes
                0x000002be       0x37 .\CortexM4\ARM_GCC_541\Debug\cy_device.o
 .ARM.attributes
                0x000002f5       0x37 .\CortexM4\ARM_GCC_541\Debug\cy_ble.o
 .ARM.attributes
                0x0000032c       0x32 c:/program files (x86)/cypress/psoc creator/4.4/psoc creator/import/gnu/arm/5.4.1/bin/../lib/gcc/arm-none-eabi/5.4.1/../../../../arm-none-eabi/lib/armv7e-m/softfp\libg_nano.a(lib_a-memset.o)
 .ARM.attributes
                0x0000035e       0x32 c:/program files (x86)/cypress/psoc creator/4.4/psoc creator/import/gnu/arm/5.4.1/bin/../lib/gcc/arm-none-eabi/5.4.1/../../../../arm-none-eabi/lib/armv7e-m/softfp\libg_nano.a(lib_a-strncpy.o)
 .ARM.attributes
                0x00000390       0x32 c:/program files (x86)/cypress/psoc creator/4.4/psoc creator/import/gnu/arm/5.4.1/bin/../lib/gcc/arm-none-eabi/5.4.1/armv7e-m/softfp/crtend.o
 .ARM.attributes
                0x000003c2       0x22 c:/program files (x86)/cypress/psoc creator/4.4/psoc creator/import/gnu/arm/5.4.1/bin/../lib/gcc/arm-none-eabi/5.4.1/armv7e-m/softfp/crtn.o

.comment        0x00000000       0x6e
 .comment       0x00000000       0x6e .\CortexM4\ARM_GCC_541\Debug\main_cm4.o
                                 0x6f (size before relaxing)
 .comment       0x0000006e       0x6f .\CortexM4\ARM_GCC_541\Debug\system_psoc6_cm4.o
 .comment       0x0000006e       0x6f .\CortexM4\ARM_GCC_541\Debug\cymetadata.o
 .comment       0x0000006e       0x6f .\CortexM4\ARM_GCC_541\Debug\cy_flash.o
 .comment       0x0000006e       0x6f .\CortexM4\ARM_GCC_541\Debug\cy_ipc_drv.o
 .comment       0x0000006e       0x6f .\CortexM4\ARM_GCC_541\Debug\cy_ipc_sema.o
 .comment       0x0000006e       0x6f .\CortexM4\ARM_GCC_541\Debug\cy_ipc_pipe.o
 .comment       0x0000006e       0x6f .\CortexM4\ARM_GCC_541\Debug\cy_sysint.o
 .comment       0x0000006e       0x6f .\CortexM4\ARM_GCC_541\Debug\cy_syslib.o
 .comment       0x0000006e       0x6f .\CortexM4\ARM_GCC_541\Debug\cy_syspm.o
 .comment       0x0000006e       0x6f .\CortexM4\ARM_GCC_541\Debug\cy_device.o
 .comment       0x0000006e       0x6f .\CortexM4\ARM_GCC_541\Debug\cy_ble.o

.debug_line     0x00000000     0x3431
 .debug_line    0x00000000       0x8e .\CortexM4\ARM_GCC_541\Debug\startup_psoc6_01_cm4.o
 .debug_line    0x0000008e       0x3b .\CortexM4\ARM_GCC_541\Debug\main_cm4.o
 .debug_line    0x000000c9      0x437 .\CortexM4\ARM_GCC_541\Debug\system_psoc6_cm4.o
 .debug_line    0x00000500      0x141 .\CortexM4\ARM_GCC_541\Debug\cymetadata.o
 .debug_line    0x00000641      0x7d4 .\CortexM4\ARM_GCC_541\Debug\cy_flash.o
 .debug_line    0x00000e15      0x33e .\CortexM4\ARM_GCC_541\Debug\cy_ipc_drv.o
 .debug_line    0x00001153      0x407 .\CortexM4\ARM_GCC_541\Debug\cy_ipc_sema.o
 .debug_line    0x0000155a      0x57e .\CortexM4\ARM_GCC_541\Debug\cy_ipc_pipe.o
 .debug_line    0x00001ad8      0x2dd .\CortexM4\ARM_GCC_541\Debug\cy_sysint.o
 .debug_line    0x00001db5      0x482 .\CortexM4\ARM_GCC_541\Debug\cy_syslib.o
 .debug_line    0x00002237       0x89 .\CortexM4\ARM_GCC_541\Debug\cy_syslib_gcc.o
 .debug_line    0x000022c0      0xa5a .\CortexM4\ARM_GCC_541\Debug\cy_syspm.o
 .debug_line    0x00002d1a      0x17e .\CortexM4\ARM_GCC_541\Debug\cy_device.o
 .debug_line    0x00002e98      0x599 .\CortexM4\ARM_GCC_541\Debug\cy_ble.o

.debug_info     0x00000000    0x127f5
 .debug_info    0x00000000       0x7e .\CortexM4\ARM_GCC_541\Debug\startup_psoc6_01_cm4.o
 .debug_info    0x0000007e       0x42 .\CortexM4\ARM_GCC_541\Debug\main_cm4.o
 .debug_info    0x000000c0     0x1bb3 .\CortexM4\ARM_GCC_541\Debug\system_psoc6_cm4.o
 .debug_info    0x00001c73       0xac .\CortexM4\ARM_GCC_541\Debug\cymetadata.o
 .debug_info    0x00001d1f     0x2a10 .\CortexM4\ARM_GCC_541\Debug\cy_flash.o
 .debug_info    0x0000472f      0x906 .\CortexM4\ARM_GCC_541\Debug\cy_ipc_drv.o
 .debug_info    0x00005035      0xc1e .\CortexM4\ARM_GCC_541\Debug\cy_ipc_sema.o
 .debug_info    0x00005c53     0x1952 .\CortexM4\ARM_GCC_541\Debug\cy_ipc_pipe.o
 .debug_info    0x000075a5      0xe11 .\CortexM4\ARM_GCC_541\Debug\cy_sysint.o
 .debug_info    0x000083b6     0x24fa .\CortexM4\ARM_GCC_541\Debug\cy_syslib.o
 .debug_info    0x0000a8b0       0xac .\CortexM4\ARM_GCC_541\Debug\cy_syslib_gcc.o
 .debug_info    0x0000a95c     0x4014 .\CortexM4\ARM_GCC_541\Debug\cy_syspm.o
 .debug_info    0x0000e970      0x551 .\CortexM4\ARM_GCC_541\Debug\cy_device.o
 .debug_info    0x0000eec1     0x3934 .\CortexM4\ARM_GCC_541\Debug\cy_ble.o

.debug_abbrev   0x00000000     0x19b1
 .debug_abbrev  0x00000000       0x14 .\CortexM4\ARM_GCC_541\Debug\startup_psoc6_01_cm4.o
 .debug_abbrev  0x00000014       0x39 .\CortexM4\ARM_GCC_541\Debug\main_cm4.o
 .debug_abbrev  0x0000004d      0x23a .\CortexM4\ARM_GCC_541\Debug\system_psoc6_cm4.o
 .debug_abbrev  0x00000287       0x5d .\CortexM4\ARM_GCC_541\Debug\cymetadata.o
 .debug_abbrev  0x000002e4      0x356 .\CortexM4\ARM_GCC_541\Debug\cy_flash.o
 .debug_abbrev  0x0000063a      0x188 .\CortexM4\ARM_GCC_541\Debug\cy_ipc_drv.o
 .debug_abbrev  0x000007c2      0x219 .\CortexM4\ARM_GCC_541\Debug\cy_ipc_sema.o
 .debug_abbrev  0x000009db      0x32b .\CortexM4\ARM_GCC_541\Debug\cy_ipc_pipe.o
 .debug_abbrev  0x00000d06      0x230 .\CortexM4\ARM_GCC_541\Debug\cy_sysint.o
 .debug_abbrev  0x00000f36      0x337 .\CortexM4\ARM_GCC_541\Debug\cy_syslib.o
 .debug_abbrev  0x0000126d       0x14 .\CortexM4\ARM_GCC_541\Debug\cy_syslib_gcc.o
 .debug_abbrev  0x00001281      0x320 .\CortexM4\ARM_GCC_541\Debug\cy_syspm.o
 .debug_abbrev  0x000015a1       0x9d .\CortexM4\ARM_GCC_541\Debug\cy_device.o
 .debug_abbrev  0x0000163e      0x373 .\CortexM4\ARM_GCC_541\Debug\cy_ble.o

.debug_aranges  0x00000000      0x488
 .debug_aranges
                0x00000000       0x20 .\CortexM4\ARM_GCC_541\Debug\startup_psoc6_01_cm4.o
 .debug_aranges
                0x00000020       0x20 .\CortexM4\ARM_GCC_541\Debug\main_cm4.o
 .debug_aranges
                0x00000040       0x40 .\CortexM4\ARM_GCC_541\Debug\system_psoc6_cm4.o
 .debug_aranges
                0x00000080       0x18 .\CortexM4\ARM_GCC_541\Debug\cymetadata.o
 .debug_aranges
                0x00000098       0xb8 .\CortexM4\ARM_GCC_541\Debug\cy_flash.o
 .debug_aranges
                0x00000150       0x30 .\CortexM4\ARM_GCC_541\Debug\cy_ipc_drv.o
 .debug_aranges
                0x00000180       0x48 .\CortexM4\ARM_GCC_541\Debug\cy_ipc_sema.o
 .debug_aranges
                0x000001c8       0x68 .\CortexM4\ARM_GCC_541\Debug\cy_ipc_pipe.o
 .debug_aranges
                0x00000230       0x30 .\CortexM4\ARM_GCC_541\Debug\cy_sysint.o
 .debug_aranges
                0x00000260       0x78 .\CortexM4\ARM_GCC_541\Debug\cy_syslib.o
 .debug_aranges
                0x000002d8       0x20 .\CortexM4\ARM_GCC_541\Debug\cy_syslib_gcc.o
 .debug_aranges
                0x000002f8      0x118 .\CortexM4\ARM_GCC_541\Debug\cy_syspm.o
 .debug_aranges
                0x00000410       0x20 .\CortexM4\ARM_GCC_541\Debug\cy_device.o
 .debug_aranges
                0x00000430       0x58 .\CortexM4\ARM_GCC_541\Debug\cy_ble.o

.debug_ranges   0x00000000      0x3f0
 .debug_ranges  0x00000000       0x10 .\CortexM4\ARM_GCC_541\Debug\main_cm4.o
 .debug_ranges  0x00000010       0x48 .\CortexM4\ARM_GCC_541\Debug\system_psoc6_cm4.o
 .debug_ranges  0x00000058       0xd0 .\CortexM4\ARM_GCC_541\Debug\cy_flash.o
 .debug_ranges  0x00000128       0x20 .\CortexM4\ARM_GCC_541\Debug\cy_ipc_drv.o
 .debug_ranges  0x00000148       0x38 .\CortexM4\ARM_GCC_541\Debug\cy_ipc_sema.o
 .debug_ranges  0x00000180       0x58 .\CortexM4\ARM_GCC_541\Debug\cy_ipc_pipe.o
 .debug_ranges  0x000001d8       0x20 .\CortexM4\ARM_GCC_541\Debug\cy_sysint.o
 .debug_ranges  0x000001f8       0x68 .\CortexM4\ARM_GCC_541\Debug\cy_syslib.o
 .debug_ranges  0x00000260      0x138 .\CortexM4\ARM_GCC_541\Debug\cy_syspm.o
 .debug_ranges  0x00000398       0x10 .\CortexM4\ARM_GCC_541\Debug\cy_device.o
 .debug_ranges  0x000003a8       0x48 .\CortexM4\ARM_GCC_541\Debug\cy_ble.o

.debug_str      0x00000000     0x9669
 .debug_str     0x00000000       0xf9 .\CortexM4\ARM_GCC_541\Debug\main_cm4.o
                                 0xfe (size before relaxing)
 .debug_str     0x000000f9     0x2217 .\CortexM4\ARM_GCC_541\Debug\system_psoc6_cm4.o
                               0x23d4 (size before relaxing)
 .debug_str     0x00002310       0x30 .\CortexM4\ARM_GCC_541\Debug\cymetadata.o
                                0x1bd (size before relaxing)
 .debug_str     0x00002340     0x1113 .\CortexM4\ARM_GCC_541\Debug\cy_flash.o
                               0x2dbc (size before relaxing)
 .debug_str     0x00003453       0xfd .\CortexM4\ARM_GCC_541\Debug\cy_ipc_drv.o
                                0x97e (size before relaxing)
 .debug_str     0x00003550       0xed .\CortexM4\ARM_GCC_541\Debug\cy_ipc_sema.o
                                0xb6b (size before relaxing)
 .debug_str     0x0000363d      0x31f .\CortexM4\ARM_GCC_541\Debug\cy_ipc_pipe.o
                               0x208d (size before relaxing)
 .debug_str     0x0000395c       0xf0 .\CortexM4\ARM_GCC_541\Debug\cy_sysint.o
                               0x195e (size before relaxing)
 .debug_str     0x00003a4c      0xabb .\CortexM4\ARM_GCC_541\Debug\cy_syslib.o
                               0x1cb1 (size before relaxing)
 .debug_str     0x00004507     0x12c4 .\CortexM4\ARM_GCC_541\Debug\cy_syspm.o
                               0x2b78 (size before relaxing)
 .debug_str     0x000057cb       0x5d .\CortexM4\ARM_GCC_541\Debug\cy_device.o
                                0x7cb (size before relaxing)
 .debug_str     0x00005828     0x3e41 .\CortexM4\ARM_GCC_541\Debug\cy_ble.o
                               0x5b2a (size before relaxing)

.debug_frame    0x00000000      0xc74
 .debug_frame   0x00000000       0x20 .\CortexM4\ARM_GCC_541\Debug\main_cm4.o
 .debug_frame   0x00000020       0x84 .\CortexM4\ARM_GCC_541\Debug\system_psoc6_cm4.o
 .debug_frame   0x000000a4      0x258 .\CortexM4\ARM_GCC_541\Debug\cy_flash.o
 .debug_frame   0x000002fc       0x70 .\CortexM4\ARM_GCC_541\Debug\cy_ipc_drv.o
 .debug_frame   0x0000036c       0xd8 .\CortexM4\ARM_GCC_541\Debug\cy_ipc_sema.o
 .debug_frame   0x00000444      0x164 .\CortexM4\ARM_GCC_541\Debug\cy_ipc_pipe.o
 .debug_frame   0x000005a8       0x7c .\CortexM4\ARM_GCC_541\Debug\cy_sysint.o
 .debug_frame   0x00000624      0x12c .\CortexM4\ARM_GCC_541\Debug\cy_syslib.o
 .debug_frame   0x00000750      0x3dc .\CortexM4\ARM_GCC_541\Debug\cy_syspm.o
 .debug_frame   0x00000b2c       0x20 .\CortexM4\ARM_GCC_541\Debug\cy_device.o
 .debug_frame   0x00000b4c       0xe0 .\CortexM4\ARM_GCC_541\Debug\cy_ble.o
 .debug_frame   0x00000c2c       0x20 c:/program files (x86)/cypress/psoc creator/4.4/psoc creator/import/gnu/arm/5.4.1/bin/../lib/gcc/arm-none-eabi/5.4.1/../../../../arm-none-eabi/lib/armv7e-m/softfp\libg_nano.a(lib_a-memset.o)
 .debug_frame   0x00000c4c       0x28 c:/program files (x86)/cypress/psoc creator/4.4/psoc creator/import/gnu/arm/5.4.1/bin/../lib/gcc/arm-none-eabi/5.4.1/../../../../arm-none-eabi/lib/armv7e-m/softfp\libg_nano.a(lib_a-strncpy.o)

.debug_loc      0x00000000     0x3661
 .debug_loc     0x00000000      0x1fe .\CortexM4\ARM_GCC_541\Debug\system_psoc6_cm4.o
 .debug_loc     0x000001fe      0xd86 .\CortexM4\ARM_GCC_541\Debug\cy_flash.o
 .debug_loc     0x00000f84      0x2a1 .\CortexM4\ARM_GCC_541\Debug\cy_ipc_drv.o
 .debug_loc     0x00001225      0x76b .\CortexM4\ARM_GCC_541\Debug\cy_ipc_sema.o
 .debug_loc     0x00001990      0x7e2 .\CortexM4\ARM_GCC_541\Debug\cy_ipc_pipe.o
 .debug_loc     0x00002172      0x223 .\CortexM4\ARM_GCC_541\Debug\cy_sysint.o
 .debug_loc     0x00002395      0x215 .\CortexM4\ARM_GCC_541\Debug\cy_syslib.o
 .debug_loc     0x000025aa      0xe9a .\CortexM4\ARM_GCC_541\Debug\cy_syspm.o
 .debug_loc     0x00003444      0x21d .\CortexM4\ARM_GCC_541\Debug\cy_ble.o
